// Jest Snapshot v1, https://goo.gl/fbAQLP

exports[`renders component 1`] = `
<DataTypeProvider
  availableFilterOperations={
    Array [
      "equal",
      "notEqual",
      "greaterThan",
      "greaterThanOrEqual",
      "lessThan",
      "lessThanOrEqual",
    ]
  }
  editorComponent={[Function]}
  for={
    Array [
      "column1",
      "column2",
    ]
  }
  formatterComponent={[Function]}
/>
`;
